---
source: crates/viper-cli/tests/cli_smoke.rs
expression: body
---
{
  "data": {
    "always_yes": false,
    "channel_priority": "flexible",
    "channels": [
      "conda-forge"
    ],
    "envs_dirs": [
      "<envs_dir>"
    ],
    "json": true,
    "local_repodata_ttl": 1,
    "offline": false,
    "package_cache": [
      "<package_cache>"
    ],
    "rc_path": "<rc_path>",
    "root_prefix": "<root_prefix>",
    "target_prefix": null
  },
  "message": "config listed",
  "success": true,
  "warnings": []
}
