---
source: crates/viper-cli/tests/cli_smoke.rs
assertion_line: 567
expression: body
---
{
  "data": {
    "arch": "x86_64",
    "base environment": "<base_environment>",
    "base_environment": "<base_environment>",
    "channel_priority": "flexible",
    "channels": [
      "https://conda.anaconda.org/conda-forge/linux-64",
      "https://conda.anaconda.org/conda-forge/noarch"
    ],
    "curl version": "unknown",
    "env location": "<env_location>",
    "env_exists": false,
    "environment": "<environment>",
    "envs directories": [
      "<envs_dir>"
    ],
    "envs_dirs": [
      "<envs_dir>"
    ],
    "json": true,
    "libarchive version": "unknown",
    "libmamba version": "0.1.0",
    "local_repodata_ttl": 1,
    "mamba version": "0.1.0",
    "offline": false,
    "package cache": [
      "<package_cache>"
    ],
    "package_cache": [
      "<package_cache>"
    ],
    "platform": "linux-64",
    "populated config files": [],
    "root_prefix": "<root_prefix>",
    "target_prefix": "<target_prefix>",
    "user config files": [
      "<config_file>"
    ],
    "user_config_files": [
      "<config_file>"
    ],
    "virtual packages": []
  },
  "message": "environment info",
  "success": true,
  "warnings": []
}
