---
source: crates/viper-cli/tests/cli_smoke.rs
expression: body
---
{
  "data": {
    "arch": "x86_64",
    "base_environment": "<base_environment>",
    "channel_priority": "flexible",
    "channels": [
      "conda-forge"
    ],
    "env_exists": false,
    "envs_dirs": [
      "<envs_dir>"
    ],
    "json": true,
    "local_repodata_ttl": 1,
    "offline": false,
    "package_cache": [
      "<package_cache>"
    ],
    "platform": "linux",
    "root_prefix": "<root_prefix>",
    "target_prefix": null,
    "user_config_files": [
      "<config_file>"
    ]
  },
  "message": "environment info",
  "success": true,
  "warnings": []
}
